$ dotenv -e ../../.env.local -- bun scripts/dev-with-landrush-ws.mjs
⚠ Warning: Next.js inferred your workspace root, but it may not be correct.
 We detected multiple lockfiles and selected the directory of C:\Users\briss\package-lock.json as the root directory.
 To silence this warning, set `turbopack.root` in your Next.js config, or consider removing one of the lockfiles if it's not needed.
   See https://nextjs.org/docs/app/api-reference/config/next-config-js/turbopack#root-directory for more information.
 Detected additional lockfiles: 
   * C:\Users\briss\Documents\Pascal Optimization\editor\bun.lock

[browser] [editor] viewer scene readiness timed out; showing editor shell anyway { sceneReadyKey: [33m1[39m } (../../../../Pascal Optimization/editor/packages/editor/src/components/editor/index.tsx:1407:15)
[browser] [registry] re-registering node kind "trees:tree" (HMR) (../../../../Pascal Optimization/editor/packages/core/dist/registry/registry.js:55:25)
[browser] [registry] re-registering node kind "trees:flower" (HMR) (../../../../Pascal Optimization/editor/packages/core/dist/registry/registry.js:55:25)
[browser] [registry] re-registering node kind "trees:grass" (HMR) (../../../../Pascal Optimization/editor/packages/core/dist/registry/registry.js:55:25)
[browser] [registry] re-registering plugin panel "pascal:trees:trees" (HMR) (../../../../Pascal Optimization/editor/packages/core/dist/registry/registry.js:103:25)
[browser] [editor] viewer scene readiness timed out; showing editor shell anyway { sceneReadyKey: [33m2[39m } (../../../../Pascal Optimization/editor/packages/editor/src/components/editor/index.tsx:1407:15)
[browser] THREE.Clock: This module has been deprecated. Please use THREE.Timer instead.
[browser] [registry] re-registering node kind "trees:tree" (HMR) (../../../../Pascal Optimization/editor/packages/core/dist/registry/registry.js:55:25)
[browser] [registry] re-registering node kind "trees:flower" (HMR) (../../../../Pascal Optimization/editor/packages/core/dist/registry/registry.js:55:25)
[browser] [registry] re-registering node kind "trees:grass" (HMR) (../../../../Pascal Optimization/editor/packages/core/dist/registry/registry.js:55:25)
[browser] [registry] re-registering plugin panel "pascal:trees:trees" (HMR) (../../../../Pascal Optimization/editor/packages/core/dist/registry/registry.js:103:25)
[browser] [registry] re-registering node kind "trees:tree" (HMR) (../../../../Pascal Optimization/editor/packages/core/dist/registry/registry.js:55:25)
[browser] [registry] re-registering node kind "trees:flower" (HMR) (../../../../Pascal Optimization/editor/packages/core/dist/registry/registry.js:55:25)
[browser] [registry] re-registering node kind "trees:grass" (HMR) (../../../../Pascal Optimization/editor/packages/core/dist/registry/registry.js:55:25)
[browser] [registry] re-registering plugin panel "pascal:trees:trees" (HMR) (../../../../Pascal Optimization/editor/packages/core/dist/registry/registry.js:103:25)
[browser] Uncaught TypeError: Cannot read properties of null (reading 'addEventListener')
    at Provider (<anonymous>)
[browser] THREE.Clock: This module has been deprecated. Please use THREE.Timer instead.
[browser] Uncaught TypeError: Cannot read properties of null (reading 'addEventListener')
    at Set.forEach (<anonymous>)
    at Provider (<anonymous>)
[browser] [registry] re-registering node kind "trees:tree" (HMR) (../../../../Pascal Optimization/editor/packages/core/dist/registry/registry.js:55:25)
[browser] [registry] re-registering node kind "trees:flower" (HMR) (../../../../Pascal Optimization/editor/packages/core/dist/registry/registry.js:55:25)
[browser] [registry] re-registering node kind "trees:grass" (HMR) (../../../../Pascal Optimization/editor/packages/core/dist/registry/registry.js:55:25)
[browser] [registry] re-registering plugin panel "pascal:trees:trees" (HMR) (../../../../Pascal Optimization/editor/packages/core/dist/registry/registry.js:103:25)
error: script "dev" exited with code 255
