Restored Landrush local save (2 parcels, 2 builds, 0 TVs)
Landrush world multiplayer listening on port 3003
WebSocket path: /api/landrush-lab/world-multiplayer/ws
▲ Next.js 16.2.9 (Turbopack)
- Local:         http://localhost:3002
- Network:       http://192.168.1.197:3002
✓ Ready in 1489ms
- Experiments (use with caution):
  · serverActions

[browser] [viewer] WebGPU device ready {
  features: [
    [32m'depth32float-stencil8'[39m,
    [32m'rg11b10ufloat-renderable'[39m,
    [32m'texture-formats-tier1'[39m,
    [32m'bgra8unorm-storage'[39m,
    [32m'texture-compression-bc'[39m,
    [32m'dual-source-blending'[39m,
    [32m'core-features-and-limits'[39m,
    [32m'float32-filterable'[39m,
    [32m'indirect-first-instance'[39m,
    [32m'float32-blendable'[39m,
    [32m'depth-clip-control'[39m,
    [32m'texture-compression-bc-sliced-3d'[39m,
    [32m'clip-distances'[39m,
    [32m'shader-f16'[39m,
    [32m'timestamp-query'[39m,
    [32m'texture-formats-tier2'[39m,
    [32m'subgroups'[39m
  ],
  label: [32m''[39m
} (../../../../Pascal Optimization/editor/packages/viewer/dist/components/viewer/index.js:45:75)
[pascal:registry] loaded pascal:core v1 (44 kinds: shelf, spawn, wall, fence, slab, ceiling, door, window, item, column, elevator, roof, roof-segment, stair, stair-segment, zone, site, building, level, guide, scan, landrush-layout, landrush-world, pascal-water, box-vent, ridge-vent, turbine-vent, cupola, eyebrow-vent, chimney, solar-panel, skylight, dormer, gutter, downspout, duct-segment, duct-fitting, duct-terminal, hvac-equipment, lineset, liquid-line, pipe-segment, pipe-fitting, pipe-trap)
[pascal:registry] + 1 discovered plugin(s)
 GET /landrush-lab/pascal-multiplayer-island 200 in 6.0s (next.js: 1301ms, application-code: 4.7s)
[browser] Download the React DevTools for a better development experience: https://react.dev/link/react-devtools
[browser] [pascal:registry] loaded pascal:core v1 (47 kinds: shelf, spawn, wall, fence, slab, ceiling, door, window, item, column, elevator, roof, roof-segment, stair, stair-segment, zone, site, building, level, guide, scan, landrush-layout, landrush-world, pascal-water, box-vent, ridge-vent, turbine-vent, cupola, eyebrow-vent, chimney, solar-panel, skylight, dormer, gutter, downspout, duct-segment, duct-fitting, duct-terminal, hvac-equipment, lineset, liquid-line, pipe-segment, pipe-fitting, pipe-trap, trees:tree, trees:flower, trees:grass) (../../../../Pascal Optimization/editor/apps/editor/lib/bootstrap.ts:50:15)
[browser] [viewer] WebGPU device ready {
  features: [
    [32m'depth32float-stencil8'[39m,
    [32m'rg11b10ufloat-renderable'[39m,
    [32m'texture-formats-tier1'[39m,
    [32m'bgra8unorm-storage'[39m,
    [32m'texture-compression-bc'[39m,
    [32m'dual-source-blending'[39m,
    [32m'core-features-and-limits'[39m,
    [32m'float32-filterable'[39m,
    [32m'indirect-first-instance'[39m,
    [32m'float32-blendable'[39m,
    [32m'depth-clip-control'[39m,
    [32m'texture-compression-bc-sliced-3d'[39m,
    [32m'clip-distances'[39m,
    [32m'shader-f16'[39m,
    [32m'timestamp-query'[39m,
    [32m'texture-formats-tier2'[39m,
    [32m'subgroups'[39m
  ],
  label: [32m''[39m
} (../../../../Pascal Optimization/editor/packages/viewer/dist/components/viewer/index.js:130:17)
[browser] [pascal:registry] + 1 discovered plugin(s) (../../../../Pascal Optimization/editor/apps/editor/lib/bootstrap.ts:78:13)
[browser] [pascal:registry] loaded pascal:core v1 (47 kinds: shelf, spawn, wall, fence, slab, ceiling, door, window, item, column, elevator, roof, roof-segment, stair, stair-segment, zone, site, building, level, guide, scan, landrush-layout, landrush-world, pascal-water, box-vent, ridge-vent, turbine-vent, cupola, eyebrow-vent, chimney, solar-panel, skylight, dormer, gutter, downspout, duct-segment, duct-fitting, duct-terminal, hvac-equipment, lineset, liquid-line, pipe-segment, pipe-fitting, pipe-trap, trees:tree, trees:flower, trees:grass) (../../../../Pascal Optimization/editor/apps/editor/lib/bootstrap.ts:50:15)
[browser] [viewer] WebGPU device ready {
  features: [
    [32m'depth32float-stencil8'[39m,
    [32m'rg11b10ufloat-renderable'[39m,
    [32m'texture-formats-tier1'[39m,
    [32m'bgra8unorm-storage'[39m,
    [32m'texture-compression-bc'[39m,
    [32m'dual-source-blending'[39m,
    [32m'core-features-and-limits'[39m,
    [32m'float32-filterable'[39m,
    [32m'indirect-first-instance'[39m,
    [32m'float32-blendable'[39m,
    [32m'depth-clip-control'[39m,
    [32m'texture-compression-bc-sliced-3d'[39m,
    [32m'clip-distances'[39m,
    [32m'shader-f16'[39m,
    [32m'timestamp-query'[39m,
    [32m'texture-formats-tier2'[39m,
    [32m'subgroups'[39m
  ],
  label: [32m''[39m
} (../../../../Pascal Optimization/editor/packages/viewer/dist/components/viewer/index.js:130:17)
[browser] [pascal:registry] + 1 discovered plugin(s) (../../../../Pascal Optimization/editor/apps/editor/lib/bootstrap.ts:78:13)
[browser] [viewer] WebGPU device ready {
  features: [
    [32m'depth32float-stencil8'[39m,
    [32m'rg11b10ufloat-renderable'[39m,
    [32m'texture-formats-tier1'[39m,
    [32m'bgra8unorm-storage'[39m,
    [32m'texture-compression-bc'[39m,
    [32m'dual-source-blending'[39m,
    [32m'core-features-and-limits'[39m,
    [32m'float32-filterable'[39m,
    [32m'indirect-first-instance'[39m,
    [32m'float32-blendable'[39m,
    [32m'depth-clip-control'[39m,
    [32m'texture-compression-bc-sliced-3d'[39m,
    [32m'clip-distances'[39m,
    [32m'shader-f16'[39m,
    [32m'timestamp-query'[39m,
    [32m'texture-formats-tier2'[39m,
    [32m'subgroups'[39m
  ],
  label: [32m''[39m
} (../../../../Pascal Optimization/editor/packages/viewer/dist/components/viewer/index.js:130:17)
[browser] [pascal:registry] loaded pascal:core v1 (47 kinds: shelf, spawn, wall, fence, slab, ceiling, door, window, item, column, elevator, roof, roof-segment, stair, stair-segment, zone, site, building, level, guide, scan, landrush-layout, landrush-world, pascal-water, box-vent, ridge-vent, turbine-vent, cupola, eyebrow-vent, chimney, solar-panel, skylight, dormer, gutter, downspout, duct-segment, duct-fitting, duct-terminal, hvac-equipment, lineset, liquid-line, pipe-segment, pipe-fitting, pipe-trap, trees:tree, trees:flower, trees:grass) (../../../../Pascal Optimization/editor/apps/editor/lib/bootstrap.ts:50:15)
[browser] [viewer] WebGPU device ready {
  features: [
    [32m'depth32float-stencil8'[39m,
    [32m'rg11b10ufloat-renderable'[39m,
    [32m'texture-formats-tier1'[39m,
    [32m'bgra8unorm-storage'[39m,
    [32m'texture-compression-bc'[39m,
    [32m'dual-source-blending'[39m,
    [32m'core-features-and-limits'[39m,
    [32m'float32-filterable'[39m,
    [32m'indirect-first-instance'[39m,
    [32m'float32-blendable'[39m,
    [32m'depth-clip-control'[39m,
    [32m'texture-compression-bc-sliced-3d'[39m,
    [32m'clip-distances'[39m,
    [32m'shader-f16'[39m,
    [32m'timestamp-query'[39m,
    [32m'texture-formats-tier2'[39m,
    [32m'subgroups'[39m
  ],
  label: [32m''[39m
} (../../../../Pascal Optimization/editor/packages/viewer/dist/components/viewer/index.js:130:17)
[browser] [pascal:registry] + 1 discovered plugin(s) (../../../../Pascal Optimization/editor/apps/editor/lib/bootstrap.ts:78:13)
 GET /landrush-lab/pascal-multiplayer-island?landrushProbe=1&landrushProbeDom=1&profileRuntimeMetrics=1 200 in 1601ms (next.js: 20ms, application-code: 1582ms)
[browser] Download the React DevTools for a better development experience: https://react.dev/link/react-devtools
[browser] [pascal:registry] loaded pascal:core v1 (44 kinds: shelf, spawn, wall, fence, slab, ceiling, door, window, item, column, elevator, roof, roof-segment, stair, stair-segment, zone, site, building, level, guide, scan, landrush-layout, landrush-world, pascal-water, box-vent, ridge-vent, turbine-vent, cupola, eyebrow-vent, chimney, solar-panel, skylight, dormer, gutter, downspout, duct-segment, duct-fitting, duct-terminal, hvac-equipment, lineset, liquid-line, pipe-segment, pipe-fitting, pipe-trap) (../../../../Pascal Optimization/editor/apps/editor/lib/bootstrap.ts:50:15)
[browser] [pascal:registry] + 1 discovered plugin(s) (../../../../Pascal Optimization/editor/apps/editor/lib/bootstrap.ts:78:13)
[browser] [viewer] WebGPU device ready {
  features: [
    [32m'depth32float-stencil8'[39m,
    [32m'rg11b10ufloat-renderable'[39m,
    [32m'bgra8unorm-storage'[39m,
    [32m'texture-formats-tier1'[39m,
    [32m'texture-compression-bc'[39m,
    [32m'dual-source-blending'[39m,
    [32m'core-features-and-limits'[39m,
    [32m'float32-filterable'[39m,
    [32m'indirect-first-instance'[39m,
    [32m'float32-blendable'[39m,
    [32m'depth-clip-control'[39m,
    [32m'texture-compression-bc-sliced-3d'[39m,
    [32m'texture-formats-tier2'[39m,
    [32m'shader-f16'[39m,
    [32m'timestamp-query'[39m,
    [32m'clip-distances'[39m,
    [32m'subgroups'[39m
  ],
  label: [32m''[39m
} (../../../../Pascal Optimization/editor/packages/viewer/dist/components/viewer/index.js:130:17)
[browser] [viewer/post-processing] Building pipeline {
  denoise: [33mtrue[39m,
  height: [33m727[39m,
  outline: [33mtrue[39m,
  perfDisable: { ao: [33mfalse[39m, denoise: [33mfalse[39m, outline: [33mfalse[39m, postFx: [33mfalse[39m },
  presentationOnly: [33mtrue[39m,
  projectId: [32m'pascal-multiplayer-island'[39m,
  rendererCtor: [32m'WebGPURenderer'[39m,
  shading: [32m'rendered'[39m,
  ssgi: [33mtrue[39m,
  transparentBackground: [33mfalse[39m,
  version: [33m0[39m,
  width: [33m1292[39m
} (../../../../Pascal Optimization/editor/packages/viewer/dist/components/viewer/post-processing.js:288:17)
[browser] [viewer/post-processing] Building pipeline {
  denoise: [33mtrue[39m,
  height: [33m727[39m,
  outline: [33mtrue[39m,
  perfDisable: { ao: [33mfalse[39m, denoise: [33mfalse[39m, outline: [33mfalse[39m, postFx: [33mfalse[39m },
  presentationOnly: [33mtrue[39m,
  projectId: [32m'pascal-multiplayer-island'[39m,
  rendererCtor: [32m'WebGPURenderer'[39m,
  shading: [32m'rendered'[39m,
  ssgi: [33mtrue[39m,
  transparentBackground: [33mfalse[39m,
  version: [33m0[39m,
  width: [33m1292[39m
} (../../../../Pascal Optimization/editor/packages/viewer/dist/components/viewer/post-processing.js:288:17)
 GET /landrush-lab/pascal-multiplayer-island?landrushProbe=1&landrushProbeDom=1&profileRuntimeMetrics=1&transitionBlurDebug=contribution 200 in 1120ms (next.js: 15ms, application-code: 1104ms)
[browser] Download the React DevTools for a better development experience: https://react.dev/link/react-devtools
[browser] [pascal:registry] loaded pascal:core v1 (44 kinds: shelf, spawn, wall, fence, slab, ceiling, door, window, item, column, elevator, roof, roof-segment, stair, stair-segment, zone, site, building, level, guide, scan, landrush-layout, landrush-world, pascal-water, box-vent, ridge-vent, turbine-vent, cupola, eyebrow-vent, chimney, solar-panel, skylight, dormer, gutter, downspout, duct-segment, duct-fitting, duct-terminal, hvac-equipment, lineset, liquid-line, pipe-segment, pipe-fitting, pipe-trap) (../../../../Pascal Optimization/editor/apps/editor/lib/bootstrap.ts:50:15)
[browser] [pascal:registry] + 1 discovered plugin(s) (../../../../Pascal Optimization/editor/apps/editor/lib/bootstrap.ts:78:13)
[browser] [viewer] WebGPU device ready {
  features: [
    [32m'depth32float-stencil8'[39m,
    [32m'rg11b10ufloat-renderable'[39m,
    [32m'bgra8unorm-storage'[39m,
    [32m'texture-formats-tier1'[39m,
    [32m'texture-compression-bc'[39m,
    [32m'dual-source-blending'[39m,
    [32m'core-features-and-limits'[39m,
    [32m'float32-filterable'[39m,
    [32m'indirect-first-instance'[39m,
    [32m'float32-blendable'[39m,
    [32m'depth-clip-control'[39m,
    [32m'texture-compression-bc-sliced-3d'[39m,
    [32m'clip-distances'[39m,
    [32m'timestamp-query'[39m,
    [32m'texture-formats-tier2'[39m,
    [32m'shader-f16'[39m,
    [32m'subgroups'[39m
  ],
  label: [32m''[39m
} (../../../../Pascal Optimization/editor/packages/viewer/dist/components/viewer/index.js:130:17)
[browser] [viewer/post-processing] Building pipeline {
  denoise: [33mtrue[39m,
  height: [33m727[39m,
  outline: [33mtrue[39m,
  perfDisable: { ao: [33mfalse[39m, denoise: [33mfalse[39m, outline: [33mfalse[39m, postFx: [33mfalse[39m },
  presentationOnly: [33mtrue[39m,
  projectId: [32m'pascal-multiplayer-island'[39m,
  rendererCtor: [32m'WebGPURenderer'[39m,
  shading: [32m'rendered'[39m,
  ssgi: [33mtrue[39m,
  transparentBackground: [33mfalse[39m,
  version: [33m0[39m,
  width: [33m1292[39m
} (../../../../Pascal Optimization/editor/packages/viewer/dist/components/viewer/post-processing.js:288:17)
[browser] [viewer/post-processing] Building pipeline {
  denoise: [33mtrue[39m,
  height: [33m727[39m,
  outline: [33mtrue[39m,
  perfDisable: { ao: [33mfalse[39m, denoise: [33mfalse[39m, outline: [33mfalse[39m, postFx: [33mfalse[39m },
  presentationOnly: [33mtrue[39m,
  projectId: [32m'pascal-multiplayer-island'[39m,
  rendererCtor: [32m'WebGPURenderer'[39m,
  shading: [32m'rendered'[39m,
  ssgi: [33mtrue[39m,
  transparentBackground: [33mfalse[39m,
  version: [33m0[39m,
  width: [33m1292[39m
} (../../../../Pascal Optimization/editor/packages/viewer/dist/components/viewer/post-processing.js:288:17)
 GET /landrush-lab/pascal-multiplayer-island?landrushProbe=1&landrushProbeDom=1&profileRuntimeMetrics=1&transitionBlurDebug=mask 200 in 461ms (next.js: 11ms, application-code: 451ms)
[browser] Download the React DevTools for a better development experience: https://react.dev/link/react-devtools
[browser] [pascal:registry] loaded pascal:core v1 (44 kinds: shelf, spawn, wall, fence, slab, ceiling, door, window, item, column, elevator, roof, roof-segment, stair, stair-segment, zone, site, building, level, guide, scan, landrush-layout, landrush-world, pascal-water, box-vent, ridge-vent, turbine-vent, cupola, eyebrow-vent, chimney, solar-panel, skylight, dormer, gutter, downspout, duct-segment, duct-fitting, duct-terminal, hvac-equipment, lineset, liquid-line, pipe-segment, pipe-fitting, pipe-trap) (../../../../Pascal Optimization/editor/apps/editor/lib/bootstrap.ts:50:15)
[browser] [pascal:registry] + 1 discovered plugin(s) (../../../../Pascal Optimization/editor/apps/editor/lib/bootstrap.ts:78:13)
[browser] [viewer] WebGPU device ready {
  features: [
    [32m'depth32float-stencil8'[39m,
    [32m'rg11b10ufloat-renderable'[39m,
    [32m'texture-formats-tier1'[39m,
    [32m'bgra8unorm-storage'[39m,
    [32m'texture-compression-bc'[39m,
    [32m'dual-source-blending'[39m,
    [32m'core-features-and-limits'[39m,
    [32m'float32-filterable'[39m,
    [32m'indirect-first-instance'[39m,
    [32m'float32-blendable'[39m,
    [32m'depth-clip-control'[39m,
    [32m'texture-compression-bc-sliced-3d'[39m,
    [32m'timestamp-query'[39m,
    [32m'clip-distances'[39m,
    [32m'texture-formats-tier2'[39m,
    [32m'shader-f16'[39m,
    [32m'subgroups'[39m
  ],
  label: [32m''[39m
} (../../../../Pascal Optimization/editor/packages/viewer/dist/components/viewer/index.js:130:17)
[browser] [viewer/post-processing] Building pipeline {
  denoise: [33mtrue[39m,
  height: [33m727[39m,
  outline: [33mtrue[39m,
  perfDisable: { ao: [33mfalse[39m, denoise: [33mfalse[39m, outline: [33mfalse[39m, postFx: [33mfalse[39m },
  presentationOnly: [33mtrue[39m,
  projectId: [32m'pascal-multiplayer-island'[39m,
  rendererCtor: [32m'WebGPURenderer'[39m,
  shading: [32m'rendered'[39m,
  ssgi: [33mtrue[39m,
  transparentBackground: [33mfalse[39m,
  version: [33m0[39m,
  width: [33m1292[39m
} (../../../../Pascal Optimization/editor/packages/viewer/dist/components/viewer/post-processing.js:288:17)
[browser] [viewer/post-processing] Building pipeline {
  denoise: [33mtrue[39m,
  height: [33m727[39m,
  outline: [33mtrue[39m,
  perfDisable: { ao: [33mfalse[39m, denoise: [33mfalse[39m, outline: [33mfalse[39m, postFx: [33mfalse[39m },
  presentationOnly: [33mtrue[39m,
  projectId: [32m'pascal-multiplayer-island'[39m,
  rendererCtor: [32m'WebGPURenderer'[39m,
  shading: [32m'rendered'[39m,
  ssgi: [33mtrue[39m,
  transparentBackground: [33mfalse[39m,
  version: [33m0[39m,
  width: [33m1292[39m
} (../../../../Pascal Optimization/editor/packages/viewer/dist/components/viewer/post-processing.js:288:17)
✓ Compiled in 968ms
 GET /landrush-lab/pascal-multiplayer-island 200 in 789ms (next.js: 656ms, application-code: 132ms)
 GET /landrush-lab/pascal-multiplayer-island?landrushProbe=1&landrushProbeDom=1&profileRuntimeMetrics=1&transitionBlurDebug=mask 200 in 86ms (next.js: 14ms, application-code: 72ms)
[browser] [pascal:registry] loaded pascal:core v1 (47 kinds: shelf, spawn, wall, fence, slab, ceiling, door, window, item, column, elevator, roof, roof-segment, stair, stair-segment, zone, site, building, level, guide, scan, landrush-layout, landrush-world, pascal-water, box-vent, ridge-vent, turbine-vent, cupola, eyebrow-vent, chimney, solar-panel, skylight, dormer, gutter, downspout, duct-segment, duct-fitting, duct-terminal, hvac-equipment, lineset, liquid-line, pipe-segment, pipe-fitting, pipe-trap, trees:tree, trees:flower, trees:grass) (../../../../Pascal Optimization/editor/apps/editor/lib/bootstrap.ts:50:15)
[browser] [viewer/post-processing] Building pipeline {
  denoise: [33mtrue[39m,
  height: [33m727[39m,
  outline: [33mtrue[39m,
  perfDisable: { ao: [33mfalse[39m, denoise: [33mfalse[39m, outline: [33mfalse[39m, postFx: [33mfalse[39m },
  presentationOnly: [33mtrue[39m,
  projectId: [32m'pascal-multiplayer-island'[39m,
  rendererCtor: [32m'WebGPURenderer'[39m,
  shading: [32m'rendered'[39m,
  ssgi: [33mtrue[39m,
  transparentBackground: [33mfalse[39m,
  version: [33m0[39m,
  width: [33m1292[39m
} (../../../../Pascal Optimization/editor/packages/viewer/dist/components/viewer/post-processing.js:288:17)
[browser] [pascal:registry] + 1 discovered plugin(s) (../../../../Pascal Optimization/editor/apps/editor/lib/bootstrap.ts:78:13)
[browser] [pascal:registry] loaded pascal:core v1 (47 kinds: shelf, spawn, wall, fence, slab, ceiling, door, window, item, column, elevator, roof, roof-segment, stair, stair-segment, zone, site, building, level, guide, scan, landrush-layout, landrush-world, pascal-water, box-vent, ridge-vent, turbine-vent, cupola, eyebrow-vent, chimney, solar-panel, skylight, dormer, gutter, downspout, duct-segment, duct-fitting, duct-terminal, hvac-equipment, lineset, liquid-line, pipe-segment, pipe-fitting, pipe-trap, trees:tree, trees:flower, trees:grass) (../../../../Pascal Optimization/editor/apps/editor/lib/bootstrap.ts:50:15)
[browser] [viewer/post-processing] Building pipeline {
  denoise: [33mtrue[39m,
  height: [33m727[39m,
  outline: [33mtrue[39m,
  perfDisable: { ao: [33mfalse[39m, denoise: [33mfalse[39m, outline: [33mfalse[39m, postFx: [33mfalse[39m },
  presentationOnly: [33mtrue[39m,
  projectId: [32m'pascal-multiplayer-island'[39m,
  rendererCtor: [32m'WebGPURenderer'[39m,
  shading: [32m'rendered'[39m,
  ssgi: [33mtrue[39m,
  transparentBackground: [33mfalse[39m,
  version: [33m0[39m,
  width: [33m1292[39m
} (../../../../Pascal Optimization/editor/packages/viewer/dist/components/viewer/post-processing.js:288:17)
[browser] [pascal:registry] + 1 discovered plugin(s) (../../../../Pascal Optimization/editor/apps/editor/lib/bootstrap.ts:78:13)
