$ dotenv -e ../../.env.local -- bun scripts/dev-with-landrush-ws.mjs
⚠ Warning: Next.js inferred your workspace root, but it may not be correct.
 We detected multiple lockfiles and selected the directory of C:\Users\briss\package-lock.json as the root directory.
 To silence this warning, set `turbopack.root` in your Next.js config, or consider removing one of the lockfiles if it's not needed.
   See https://nextjs.org/docs/app/api-reference/config/next-config-js/turbopack#root-directory for more information.
 Detected additional lockfiles: 
   * C:\Users\briss\Documents\Pascal Optimization\editor\bun.lock

[browser] Uncaught TypeError: Cannot read properties of null (reading 'addEventListener')
    at Provider (<anonymous>)
[browser] [editor] viewer scene readiness timed out; showing editor shell anyway { sceneReadyKey: [33m1[39m } (../../../../Pascal Optimization/editor/packages/editor/src/components/editor/index.tsx:1407:15)
[browser] Uncaught TypeError: Cannot read properties of null (reading 'addEventListener')
    at Set.forEach (<anonymous>)
    at Provider (<anonymous>)
[browser] [registry] re-registering node kind "trees:tree" (HMR) (../../../../Pascal Optimization/editor/packages/core/dist/registry/registry.js:55:25)
[browser] [registry] re-registering node kind "trees:flower" (HMR) (../../../../Pascal Optimization/editor/packages/core/dist/registry/registry.js:55:25)
[browser] [registry] re-registering node kind "trees:grass" (HMR) (../../../../Pascal Optimization/editor/packages/core/dist/registry/registry.js:55:25)
[browser] [registry] re-registering plugin panel "pascal:trees:trees" (HMR) (../../../../Pascal Optimization/editor/packages/core/dist/registry/registry.js:103:25)
[browser] [editor] viewer scene readiness timed out; showing editor shell anyway { sceneReadyKey: [33m1[39m } (../../../../Pascal Optimization/editor/packages/editor/src/components/editor/index.tsx:1407:15)
[browser] Uncaught TypeError: Cannot read properties of null (reading 'addEventListener')
    at Set.forEach (<anonymous>)
    at Provider (<anonymous>)
[browser] [registry] re-registering node kind "trees:tree" (HMR) (../../../../Pascal Optimization/editor/packages/core/dist/registry/registry.js:55:25)
[browser] [registry] re-registering node kind "trees:flower" (HMR) (../../../../Pascal Optimization/editor/packages/core/dist/registry/registry.js:55:25)
[browser] [registry] re-registering node kind "trees:grass" (HMR) (../../../../Pascal Optimization/editor/packages/core/dist/registry/registry.js:55:25)
[browser] [registry] re-registering plugin panel "pascal:trees:trees" (HMR) (../../../../Pascal Optimization/editor/packages/core/dist/registry/registry.js:103:25)
[browser] [editor] viewer scene readiness timed out; showing editor shell anyway { sceneReadyKey: [33m1[39m } (../../../../Pascal Optimization/editor/packages/editor/src/components/editor/index.tsx:1407:15)
[browser] Uncaught TypeError: Cannot read properties of null (reading 'addEventListener')
    at Set.forEach (<anonymous>)
    at Provider (<anonymous>)
[browser] [editor] viewer scene readiness timed out; showing editor shell anyway { sceneReadyKey: [33m1[39m } (../../../../Pascal Optimization/editor/packages/editor/src/components/editor/index.tsx:1407:15)
[browser] Uncaught TypeError: Cannot read properties of null (reading 'addEventListener')
    at Set.forEach (<anonymous>)
    at Provider (<anonymous>)
[browser] [registry] re-registering node kind "trees:tree" (HMR) (../../../../Pascal Optimization/editor/packages/core/dist/registry/registry.js:55:25)
[browser] [registry] re-registering node kind "trees:flower" (HMR) (../../../../Pascal Optimization/editor/packages/core/dist/registry/registry.js:55:25)
[browser] [registry] re-registering node kind "trees:grass" (HMR) (../../../../Pascal Optimization/editor/packages/core/dist/registry/registry.js:55:25)
[browser] [registry] re-registering plugin panel "pascal:trees:trees" (HMR) (../../../../Pascal Optimization/editor/packages/core/dist/registry/registry.js:103:25)
[browser] [editor] viewer scene readiness timed out; showing editor shell anyway { sceneReadyKey: [33m1[39m } (../../../../Pascal Optimization/editor/packages/editor/src/components/editor/index.tsx:1407:15)
[browser] THREE.Clock: This module has been deprecated. Please use THREE.Timer instead.
[browser] [editor] viewer scene readiness timed out; showing editor shell anyway { sceneReadyKey: [33m1[39m } (../../../../Pascal Optimization/editor/packages/editor/src/components/editor/index.tsx:1407:15)
[browser] THREE.Clock: This module has been deprecated. Please use THREE.Timer instead.
[browser] THREE.Clock: This module has been deprecated. Please use THREE.Timer instead.
[browser] THREE.TSL: No stack defined for assign operation. Make sure the assign is inside a Fn(). "new StackTrace()" at "1ynr_three_build_three_webgpu_1vx75h2.js:921"
    at new StackTrace (1ynr_three_build_three_webgpu_1vx75h2.js:921:67)
    at push.Node.assign (1ynr_three_build_three_webgpu_1vx75h2.js:2787:358)
    at Node.<computed> [as addAssign] (1ynr_three_build_three_webgpu_1vx75h2.js:2776:93)
    at createDirectionalZoomBlurNode (Documents_Pascal%20Optimization_editor_packages_viewer_dist_components_1-ff6co._.js:100:14)
    at PostProcessingPasses.useEffect (Documents_Pascal%20Optimization_editor_packages_viewer_dist_components_1-ff6co._.js:370:47)
    at Object.react_stack_bottom_frame (1tiv_%40react-three_fiber_dist_0s901a7._.js:13287:44)
    at B (1tiv_%40react-three_fiber_dist_0s901a7._.js:7924:70)
    at ca (1tiv_%40react-three_fiber_dist_0s901a7._.js:10992:101)
    at Yp (1tiv_%40react-three_fiber_dist_0s901a7._.js:11039:32)
    at lh (1tiv_%40react-three_fiber_dist_0s901a7._.js:11757:162)
    at wr (1tiv_%40react-three_fiber_dist_0s901a7._.js:11748:21)
    at lh (1tiv_%40react-three_fiber_dist_0s901a7._.js:11760:191)
    at wr (1tiv_%40react-three_fiber_dist_0s901a7._.js:11748:21)
    at lh (1tiv_%40react-three_fiber_dist_0s901a7._.js:11785:168)
    at wr (1tiv_%40react-three_fiber_dist_0s901a7._.js:11748:21)
    at lh (1tiv_%40react-three_fiber_dist_0s901a7._.js:11780:359)
    at wr (1tiv_%40react-three_fiber_dist_0s901a7._.js:11748:21)
    at lh (1tiv_%40react-three_fiber_dist_0s901a7._.js:11760:191)
    at wr (1tiv_%40react-three_fiber_dist_0s901a7._.js:11748:21)
    at lh (1tiv_%40react-three_fiber_dist_0s901a7._.js:11791:25)
    at wr (1tiv_%40react-three_fiber_dist_0s901a7._.js:11748:21)
    at lh (1tiv_%40react-three_fiber_dist_0s901a7._.js:11791:25)
    at wr (1tiv_%40react-three_fiber_dist_0s901a7._.js:11748:21)
    at lh (1tiv_%40react-three_fiber_dist_0s901a7._.js:11791:25)
    at wr (1tiv_%40react-three_fiber_dist_0s901a7._.js:11748:21)
    at lh (1tiv_%40react-three_fiber_dist_0s901a7._.js:11791:25)
    at wr (1tiv_%40react-three_fiber_dist_0s901a7._.js:11748:21)
    at lh (1tiv_%40react-three_fiber_dist_0s901a7._.js:11791:25)
    at wr (1tiv_%40react-three_fiber_dist_0s901a7._.js:11748:21)
    at lh (1tiv_%40react-three_fiber_dist_0s901a7._.js:11791:25)
    at wr (1tiv_%40react-three_fiber_dist_0s901a7._.js:11748:21)
    at lh (1tiv_%40react-three_fiber_dist_0s901a7._.js:11791:25)
    at wr (1tiv_%40react-three_fiber_dist_0s901a7._.js:11748:21)
    at lh (1tiv_%40react-three_fiber_dist_0s901a7._.js:11791:25)
    at wr (1tiv_%40react-three_fiber_dist_0s901a7._.js:11748:21)
    at lh (1tiv_%40react-three_fiber_dist_0s901a7._.js:11791:25)
    at wr (1tiv_%40react-three_fiber_dist_0s901a7._.js:11748:21)
    at lh (1tiv_%40react-three_fiber_dist_0s901a7._.js:11791:25)
    at wr (1tiv_%40react-three_fiber_dist_0s901a7._.js:11748:21)
    at lh (1tiv_%40react-three_fiber_dist_0s901a7._.js:11791:25)
    at wr (1tiv_%40react-three_fiber_dist_0s901a7._.js:11748:21)
    at lh (1tiv_%40react-three_fiber_dist_0s901a7._.js:11791:25)
    at wr (1tiv_%40react-three_fiber_dist_0s901a7._.js:11748:21)
    at lh (1tiv_%40react-three_fiber_dist_0s901a7._.js:11760:191)
    at wr (1tiv_%40react-three_fiber_dist_0s901a7._.js:11748:21)
    at lh (1tiv_%40react-three_fiber_dist_0s901a7._.js:11757:131)
    at wr (1tiv_%40react-three_fiber_dist_0s901a7._.js:11748:21)
    at lh (1tiv_%40react-three_fiber_dist_0s901a7._.js:11757:131)
    at wr (1tiv_%40react-three_fiber_dist_0s901a7._.js:11748:21)
    at lh (1tiv_%40react-three_fiber_dist_0s901a7._.js:11757:131) 
    at createDirectionalZoomBlurNode (../../../../Pascal Optimization/editor/packages/viewer/dist/components/viewer/post-processing.js:91:14)
    at PostProcessingPasses.useEffect (../../../../Pascal Optimization/editor/packages/viewer/dist/components/viewer/post-processing.js:322:43)
  89 |         .toConst();
  90 |     const noise = interleavedGradientNoise(screenCoordinate);
> 91 |     sampleUv.addAssign(sampleStep.mul(noise));
     |              ^
  92 |     const accumulated = base.mul(0.26).toVar();
  93 |     const accumulatedWeight = float(0.26).toVar();
  94 |     const tapWeight = float(0.22).toVar(); (../../../../Pascal Optimization/editor/packages/viewer/dist/components/viewer/post-processing.js:91:14)
[browser] [registry] re-registering node kind "trees:tree" (HMR) (../../../../Pascal Optimization/editor/packages/core/dist/registry/registry.js:55:25)
[browser] [registry] re-registering node kind "trees:flower" (HMR) (../../../../Pascal Optimization/editor/packages/core/dist/registry/registry.js:55:25)
[browser] [registry] re-registering node kind "trees:grass" (HMR) (../../../../Pascal Optimization/editor/packages/core/dist/registry/registry.js:55:25)
[browser] [registry] re-registering plugin panel "pascal:trees:trees" (HMR) (../../../../Pascal Optimization/editor/packages/core/dist/registry/registry.js:103:25)
[browser] THREE.TSL: No stack defined for assign operation. Make sure the assign is inside a Fn(). "new StackTrace()" at "1ynr_three_build_three_webgpu_1vx75h2.js:921"
    at new StackTrace (1ynr_three_build_three_webgpu_1vx75h2.js:921:67)
    at push.Node.assign (1ynr_three_build_three_webgpu_1vx75h2.js:2787:358)
    at Node.<computed> [as addAssign] (1ynr_three_build_three_webgpu_1vx75h2.js:2776:93)
    at createDirectionalZoomBlurNode (Documents_Pascal%20Optimization_editor_packages_viewer_dist_components_1-ff6co._.js:100:14)
    at PostProcessingPasses.useEffect (Documents_Pascal%20Optimization_editor_packages_viewer_dist_components_1-ff6co._.js:370:47)
    at Object.react_stack_bottom_frame (1tiv_%40react-three_fiber_dist_0s901a7._.js:13287:44)
    at B (1tiv_%40react-three_fiber_dist_0s901a7._.js:7924:70)
    at ca (1tiv_%40react-three_fiber_dist_0s901a7._.js:10992:101)
    at Yp (1tiv_%40react-three_fiber_dist_0s901a7._.js:11039:32)
    at lh (1tiv_%40react-three_fiber_dist_0s901a7._.js:11757:162)
    at wr (1tiv_%40react-three_fiber_dist_0s901a7._.js:11748:21)
    at lh (1tiv_%40react-three_fiber_dist_0s901a7._.js:11760:191)
    at wr (1tiv_%40react-three_fiber_dist_0s901a7._.js:11748:21)
    at lh (1tiv_%40react-three_fiber_dist_0s901a7._.js:11785:168)
    at wr (1tiv_%40react-three_fiber_dist_0s901a7._.js:11748:21)
    at lh (1tiv_%40react-three_fiber_dist_0s901a7._.js:11780:359)
    at wr (1tiv_%40react-three_fiber_dist_0s901a7._.js:11748:21)
    at lh (1tiv_%40react-three_fiber_dist_0s901a7._.js:11760:191)
    at wr (1tiv_%40react-three_fiber_dist_0s901a7._.js:11748:21)
    at lh (1tiv_%40react-three_fiber_dist_0s901a7._.js:11791:25)
    at wr (1tiv_%40react-three_fiber_dist_0s901a7._.js:11748:21)
    at lh (1tiv_%40react-three_fiber_dist_0s901a7._.js:11791:25)
    at wr (1tiv_%40react-three_fiber_dist_0s901a7._.js:11748:21)
    at lh (1tiv_%40react-three_fiber_dist_0s901a7._.js:11791:25)
    at wr (1tiv_%40react-three_fiber_dist_0s901a7._.js:11748:21)
    at lh (1tiv_%40react-three_fiber_dist_0s901a7._.js:11791:25)
    at wr (1tiv_%40react-three_fiber_dist_0s901a7._.js:11748:21)
    at lh (1tiv_%40react-three_fiber_dist_0s901a7._.js:11791:25)
    at wr (1tiv_%40react-three_fiber_dist_0s901a7._.js:11748:21)
    at lh (1tiv_%40react-three_fiber_dist_0s901a7._.js:11791:25)
    at wr (1tiv_%40react-three_fiber_dist_0s901a7._.js:11748:21)
    at lh (1tiv_%40react-three_fiber_dist_0s901a7._.js:11791:25)
    at wr (1tiv_%40react-three_fiber_dist_0s901a7._.js:11748:21)
    at lh (1tiv_%40react-three_fiber_dist_0s901a7._.js:11791:25)
    at wr (1tiv_%40react-three_fiber_dist_0s901a7._.js:11748:21)
    at lh (1tiv_%40react-three_fiber_dist_0s901a7._.js:11791:25)
    at wr (1tiv_%40react-three_fiber_dist_0s901a7._.js:11748:21)
    at lh (1tiv_%40react-three_fiber_dist_0s901a7._.js:11791:25)
    at wr (1tiv_%40react-three_fiber_dist_0s901a7._.js:11748:21)
    at lh (1tiv_%40react-three_fiber_dist_0s901a7._.js:11791:25)
    at wr (1tiv_%40react-three_fiber_dist_0s901a7._.js:11748:21)
    at lh (1tiv_%40react-three_fiber_dist_0s901a7._.js:11791:25)
    at wr (1tiv_%40react-three_fiber_dist_0s901a7._.js:11748:21)
    at lh (1tiv_%40react-three_fiber_dist_0s901a7._.js:11760:191)
    at wr (1tiv_%40react-three_fiber_dist_0s901a7._.js:11748:21)
    at lh (1tiv_%40react-three_fiber_dist_0s901a7._.js:11757:131)
    at wr (1tiv_%40react-three_fiber_dist_0s901a7._.js:11748:21)
    at lh (1tiv_%40react-three_fiber_dist_0s901a7._.js:11757:131)
    at wr (1tiv_%40react-three_fiber_dist_0s901a7._.js:11748:21)
    at lh (1tiv_%40react-three_fiber_dist_0s901a7._.js:11757:131) 
    at createDirectionalZoomBlurNode (../../../../Pascal Optimization/editor/packages/viewer/dist/components/viewer/post-processing.js:91:14)
    at PostProcessingPasses.useEffect (../../../../Pascal Optimization/editor/packages/viewer/dist/components/viewer/post-processing.js:322:43)
  89 |         .toConst();
  90 |     const noise = interleavedGradientNoise(screenCoordinate);
> 91 |     sampleUv.addAssign(sampleStep.mul(noise));
     |              ^
  92 |     const accumulated = base.mul(0.26).toVar();
  93 |     const accumulatedWeight = float(0.26).toVar();
  94 |     const tapWeight = float(0.22).toVar(); (../../../../Pascal Optimization/editor/packages/viewer/dist/components/viewer/post-processing.js:91:14)
[browser] [registry] re-registering node kind "trees:tree" (HMR) (../../../../Pascal Optimization/editor/packages/core/dist/registry/registry.js:55:25)
[browser] [registry] re-registering node kind "trees:flower" (HMR) (../../../../Pascal Optimization/editor/packages/core/dist/registry/registry.js:55:25)
[browser] [registry] re-registering node kind "trees:grass" (HMR) (../../../../Pascal Optimization/editor/packages/core/dist/registry/registry.js:55:25)
[browser] [registry] re-registering plugin panel "pascal:trees:trees" (HMR) (../../../../Pascal Optimization/editor/packages/core/dist/registry/registry.js:103:25)
[browser] [editor] viewer scene readiness timed out; showing editor shell anyway { sceneReadyKey: [33m3[39m } (../../../../Pascal Optimization/editor/packages/editor/src/components/editor/index.tsx:1407:15)
